// Jest Snapshot v1, https://goo.gl/fbAQLP

exports[`Rendered Snapshot Matches 1`] = `
Object {
  "asFragment": [Function],
  "baseElement": <body>
    <div>
      <div
        class="sc-bdnxRM iDAOKJ"
      >
        <header
          class="sc-jSFjdj KhVbt"
        >
          <nav
            class="sc-gKAaRy gXdxYW"
          >
            <a
              href="/rentalcars"
            >
              <img
                alt="Rentalcars.com"
                height="21"
                src="rc-logo.svg"
                width="156"
              />
            </a>
            <div
              class="sc-bdnxRM gjXIaz menu"
              width="auto"
            >
              <span
                aria-label="Prices in Indian Rupees"
                style="color: rgb(255, 255, 255);"
              >
                INR
              </span>
              <img
                alt="Selected Language English"
                src="gb.png"
              />
              <button
                type="button"
              >
                Manage Booking
              </button>
            </div>
            <button
              aria-label="Open Menu"
              class="hamburger"
              type="button"
            >
              <img
                alt=""
                src="hamburger.svg"
              />
            </button>
          </nav>
          <h1>
            Car Hire – Search, Compare & Save
          </h1>
          <div
            class="sc-bdnxRM sc-iCoGMd hoHvTM kyIvOV"
          >
            <h2>
              Let’s find your ideal car
            </h2>
            <div
              class="sc-bdnxRM sc-fujyAs hoHvTM gIcPtD"
            >
              <div
                class="sc-bdnxRM jxqeQX"
                width="auto"
              >
                <input
                  id="diff-location"
                  type="checkbox"
                />
                <label
                  for="diff-location"
                >
                  Drop car off at different location
                </label>
              </div>
              <div
                class="sc-bdnxRM jxqeQX"
                width="auto"
              >
                <input
                  checked=""
                  id="driver-age"
                  type="checkbox"
                />
                <label
                  for="driver-age"
                >
                  Driver aged 30 – 65 ?
                </label>
              </div>
            </div>
            <div
              class="sc-bdnxRM sc-pNWdM hoHvTM fazEXI"
            >
              <div
                class="sc-bdnxRM sc-jrsJWt hoHvTM hLqTlD"
              >
                <input
                  aria-label="Enter Location"
                  placeholder="Pick-Up Location"
                  type="text"
                />
              </div>
              <div
                class="sc-bdnxRM fhotzi"
              >
                <div
                  class="sc-bdnxRM sc-iqAclL hoHvTM eiybFf"
                >
                  <input
                    aria-label="Enter Pickup date"
                    id="pickup-date"
                    name="pickup-date"
                    type="date"
                    value="2021-05-28"
                  />
                  <div
                    class="sc-crzoAE bWDsv"
                  >
                    <select
                      aria-label="Select Pickup Time"
                      name="pickup-time"
                    >
                      <option
                        value="00:00"
                      >
                        00:00
                      </option>
                      <option
                        value="00:30"
                      >
                        00:30
                      </option>
                      <option
                        value="01:00"
                      >
                        01:00
                      </option>
                      <option
                        value="01:30"
                      >
                        01:30
                      </option>
                      <option
                        value="02:00"
                      >
                        02:00
                      </option>
                      <option
                        value="02:30"
                      >
                        02:30
                      </option>
                      <option
                        value="03:00"
                      >
                        03:00
                      </option>
                      <option
                        value="03:30"
                      >
                        03:30
                      </option>
                      <option
                        value="04:00"
                      >
                        04:00
                      </option>
                      <option
                        value="04:30"
                      >
                        04:30
                      </option>
                      <option
                        value="05:00"
                      >
                        05:00
                      </option>
                      <option
                        value="05:30"
                      >
                        05:30
                      </option>
                      <option
                        value="06:00"
                      >
                        06:00
                      </option>
                      <option
                        value="06:30"
                      >
                        06:30
                      </option>
                      <option
                        value="07:00"
                      >
                        07:00
                      </option>
                      <option
                        value="07:30"
                      >
                        07:30
                      </option>
                      <option
                        value="08:00"
                      >
                        08:00
                      </option>
                      <option
                        value="08:30"
                      >
                        08:30
                      </option>
                      <option
                        value="09:00"
                      >
                        09:00
                      </option>
                      <option
                        value="09:30"
                      >
                        09:30
                      </option>
                      <option
                        value="10:00"
                      >
                        10:00
                      </option>
                      <option
                        selected=""
                        value="10:30"
                      >
                        10:30
                      </option>
                      <option
                        value="11:00"
                      >
                        11:00
                      </option>
                      <option
                        value="11:30"
                      >
                        11:30
                      </option>
                      <option
                        value="12:00"
                      >
                        12:00
                      </option>
                      <option
                        value="12:30"
                      >
                        12:30
                      </option>
                      <option
                        value="13:00"
                      >
                        13:00
                      </option>
                      <option
                        value="13:30"
                      >
                        13:30
                      </option>
                      <option
                        value="14:00"
                      >
                        14:00
                      </option>
                      <option
                        value="14:30"
                      >
                        14:30
                      </option>
                      <option
                        value="15:00"
                      >
                        15:00
                      </option>
                      <option
                        value="15:30"
                      >
                        15:30
                      </option>
                      <option
                        value="16:00"
                      >
                        16:00
                      </option>
                      <option
                        value="16:30"
                      >
                        16:30
                      </option>
                      <option
                        value="17:00"
                      >
                        17:00
                      </option>
                      <option
                        value="17:30"
                      >
                        17:30
                      </option>
                      <option
                        value="18:00"
                      >
                        18:00
                      </option>
                      <option
                        value="18:30"
                      >
                        18:30
                      </option>
                      <option
                        value="19:00"
                      >
                        19:00
                      </option>
                      <option
                        value="19:30"
                      >
                        19:30
                      </option>
                      <option
                        value="20:00"
                      >
                        20:00
                      </option>
                      <option
                        value="20:30"
                      >
                        20:30
                      </option>
                      <option
                        value="21:00"
                      >
                        21:00
                      </option>
                      <option
                        value="21:30"
                      >
                        21:30
                      </option>
                      <option
                        value="22:00"
                      >
                        22:00
                      </option>
                      <option
                        value="22:30"
                      >
                        22:30
                      </option>
                      <option
                        value="23:00"
                      >
                        23:00
                      </option>
                      <option
                        value="23:30"
                      >
                        23:30
                      </option>
                    </select>
                  </div>
                </div>
                <div
                  class="sc-bdnxRM sc-iqAclL hoHvTM eiybFf"
                >
                  <input
                    aria-label="Enter Drop date"
                    id="drop-date"
                    name="drop-date"
                    type="date"
                    value="2021-06-01"
                  />
                  <div
                    class="sc-crzoAE bWDsv"
                  >
                    <select
                      aria-label="Select Drop Time"
                      name="drop-time"
                    >
                      <option
                        value="00:00"
                      >
                        00:00
                      </option>
                      <option
                        value="00:30"
                      >
                        00:30
                      </option>
                      <option
                        value="01:00"
                      >
                        01:00
                      </option>
                      <option
                        value="01:30"
                      >
                        01:30
                      </option>
                      <option
                        value="02:00"
                      >
                        02:00
                      </option>
                      <option
                        value="02:30"
                      >
                        02:30
                      </option>
                      <option
                        value="03:00"
                      >
                        03:00
                      </option>
                      <option
                        value="03:30"
                      >
                        03:30
                      </option>
                      <option
                        value="04:00"
                      >
                        04:00
                      </option>
                      <option
                        value="04:30"
                      >
                        04:30
                      </option>
                      <option
                        value="05:00"
                      >
                        05:00
                      </option>
                      <option
                        value="05:30"
                      >
                        05:30
                      </option>
                      <option
                        value="06:00"
                      >
                        06:00
                      </option>
                      <option
                        value="06:30"
                      >
                        06:30
                      </option>
                      <option
                        value="07:00"
                      >
                        07:00
                      </option>
                      <option
                        value="07:30"
                      >
                        07:30
                      </option>
                      <option
                        value="08:00"
                      >
                        08:00
                      </option>
                      <option
                        value="08:30"
                      >
                        08:30
                      </option>
                      <option
                        value="09:00"
                      >
                        09:00
                      </option>
                      <option
                        value="09:30"
                      >
                        09:30
                      </option>
                      <option
                        value="10:00"
                      >
                        10:00
                      </option>
                      <option
                        value="10:30"
                      >
                        10:30
                      </option>
                      <option
                        value="11:00"
                      >
                        11:00
                      </option>
                      <option
                        value="11:30"
                      >
                        11:30
                      </option>
                      <option
                        value="12:00"
                      >
                        12:00
                      </option>
                      <option
                        value="12:30"
                      >
                        12:30
                      </option>
                      <option
                        value="13:00"
                      >
                        13:00
                      </option>
                      <option
                        value="13:30"
                      >
                        13:30
                      </option>
                      <option
                        value="14:00"
                      >
                        14:00
                      </option>
                      <option
                        value="14:30"
                      >
                        14:30
                      </option>
                      <option
                        value="15:00"
                      >
                        15:00
                      </option>
                      <option
                        selected=""
                        value="15:30"
                      >
                        15:30
                      </option>
                      <option
                        value="16:00"
                      >
                        16:00
                      </option>
                      <option
                        value="16:30"
                      >
                        16:30
                      </option>
                      <option
                        value="17:00"
                      >
                        17:00
                      </option>
                      <option
                        value="17:30"
                      >
                        17:30
                      </option>
                      <option
                        value="18:00"
                      >
                        18:00
                      </option>
                      <option
                        value="18:30"
                      >
                        18:30
                      </option>
                      <option
                        value="19:00"
                      >
                        19:00
                      </option>
                      <option
                        value="19:30"
                      >
                        19:30
                      </option>
                      <option
                        value="20:00"
                      >
                        20:00
                      </option>
                      <option
                        value="20:30"
                      >
                        20:30
                      </option>
                      <option
                        value="21:00"
                      >
                        21:00
                      </option>
                      <option
                        value="21:30"
                      >
                        21:30
                      </option>
                      <option
                        value="22:00"
                      >
                        22:00
                      </option>
                      <option
                        value="22:30"
                      >
                        22:30
                      </option>
                      <option
                        value="23:00"
                      >
                        23:00
                      </option>
                      <option
                        value="23:30"
                      >
                        23:30
                      </option>
                    </select>
                  </div>
                </div>
              </div>
              <button
                type="button"
              >
                Search
              </button>
            </div>
          </div>
        </header>
      </div>
    </div>
  </body>,
  "container": <div>
    <div
      class="sc-bdnxRM iDAOKJ"
    >
      <header
        class="sc-jSFjdj KhVbt"
      >
        <nav
          class="sc-gKAaRy gXdxYW"
        >
          <a
            href="/rentalcars"
          >
            <img
              alt="Rentalcars.com"
              height="21"
              src="rc-logo.svg"
              width="156"
            />
          </a>
          <div
            class="sc-bdnxRM gjXIaz menu"
            width="auto"
          >
            <span
              aria-label="Prices in Indian Rupees"
              style="color: rgb(255, 255, 255);"
            >
              INR
            </span>
            <img
              alt="Selected Language English"
              src="gb.png"
            />
            <button
              type="button"
            >
              Manage Booking
            </button>
          </div>
          <button
            aria-label="Open Menu"
            class="hamburger"
            type="button"
          >
            <img
              alt=""
              src="hamburger.svg"
            />
          </button>
        </nav>
        <h1>
          Car Hire – Search, Compare & Save
        </h1>
        <div
          class="sc-bdnxRM sc-iCoGMd hoHvTM kyIvOV"
        >
          <h2>
            Let’s find your ideal car
          </h2>
          <div
            class="sc-bdnxRM sc-fujyAs hoHvTM gIcPtD"
          >
            <div
              class="sc-bdnxRM jxqeQX"
              width="auto"
            >
              <input
                id="diff-location"
                type="checkbox"
              />
              <label
                for="diff-location"
              >
                Drop car off at different location
              </label>
            </div>
            <div
              class="sc-bdnxRM jxqeQX"
              width="auto"
            >
              <input
                checked=""
                id="driver-age"
                type="checkbox"
              />
              <label
                for="driver-age"
              >
                Driver aged 30 – 65 ?
              </label>
            </div>
          </div>
          <div
            class="sc-bdnxRM sc-pNWdM hoHvTM fazEXI"
          >
            <div
              class="sc-bdnxRM sc-jrsJWt hoHvTM hLqTlD"
            >
              <input
                aria-label="Enter Location"
                placeholder="Pick-Up Location"
                type="text"
              />
            </div>
            <div
              class="sc-bdnxRM fhotzi"
            >
              <div
                class="sc-bdnxRM sc-iqAclL hoHvTM eiybFf"
              >
                <input
                  aria-label="Enter Pickup date"
                  id="pickup-date"
                  name="pickup-date"
                  type="date"
                  value="2021-05-28"
                />
                <div
                  class="sc-crzoAE bWDsv"
                >
                  <select
                    aria-label="Select Pickup Time"
                    name="pickup-time"
                  >
                    <option
                      value="00:00"
                    >
                      00:00
                    </option>
                    <option
                      value="00:30"
                    >
                      00:30
                    </option>
                    <option
                      value="01:00"
                    >
                      01:00
                    </option>
                    <option
                      value="01:30"
                    >
                      01:30
                    </option>
                    <option
                      value="02:00"
                    >
                      02:00
                    </option>
                    <option
                      value="02:30"
                    >
                      02:30
                    </option>
                    <option
                      value="03:00"
                    >
                      03:00
                    </option>
                    <option
                      value="03:30"
                    >
                      03:30
                    </option>
                    <option
                      value="04:00"
                    >
                      04:00
                    </option>
                    <option
                      value="04:30"
                    >
                      04:30
                    </option>
                    <option
                      value="05:00"
                    >
                      05:00
                    </option>
                    <option
                      value="05:30"
                    >
                      05:30
                    </option>
                    <option
                      value="06:00"
                    >
                      06:00
                    </option>
                    <option
                      value="06:30"
                    >
                      06:30
                    </option>
                    <option
                      value="07:00"
                    >
                      07:00
                    </option>
                    <option
                      value="07:30"
                    >
                      07:30
                    </option>
                    <option
                      value="08:00"
                    >
                      08:00
                    </option>
                    <option
                      value="08:30"
                    >
                      08:30
                    </option>
                    <option
                      value="09:00"
                    >
                      09:00
                    </option>
                    <option
                      value="09:30"
                    >
                      09:30
                    </option>
                    <option
                      value="10:00"
                    >
                      10:00
                    </option>
                    <option
                      selected=""
                      value="10:30"
                    >
                      10:30
                    </option>
                    <option
                      value="11:00"
                    >
                      11:00
                    </option>
                    <option
                      value="11:30"
                    >
                      11:30
                    </option>
                    <option
                      value="12:00"
                    >
                      12:00
                    </option>
                    <option
                      value="12:30"
                    >
                      12:30
                    </option>
                    <option
                      value="13:00"
                    >
                      13:00
                    </option>
                    <option
                      value="13:30"
                    >
                      13:30
                    </option>
                    <option
                      value="14:00"
                    >
                      14:00
                    </option>
                    <option
                      value="14:30"
                    >
                      14:30
                    </option>
                    <option
                      value="15:00"
                    >
                      15:00
                    </option>
                    <option
                      value="15:30"
                    >
                      15:30
                    </option>
                    <option
                      value="16:00"
                    >
                      16:00
                    </option>
                    <option
                      value="16:30"
                    >
                      16:30
                    </option>
                    <option
                      value="17:00"
                    >
                      17:00
                    </option>
                    <option
                      value="17:30"
                    >
                      17:30
                    </option>
                    <option
                      value="18:00"
                    >
                      18:00
                    </option>
                    <option
                      value="18:30"
                    >
                      18:30
                    </option>
                    <option
                      value="19:00"
                    >
                      19:00
                    </option>
                    <option
                      value="19:30"
                    >
                      19:30
                    </option>
                    <option
                      value="20:00"
                    >
                      20:00
                    </option>
                    <option
                      value="20:30"
                    >
                      20:30
                    </option>
                    <option
                      value="21:00"
                    >
                      21:00
                    </option>
                    <option
                      value="21:30"
                    >
                      21:30
                    </option>
                    <option
                      value="22:00"
                    >
                      22:00
                    </option>
                    <option
                      value="22:30"
                    >
                      22:30
                    </option>
                    <option
                      value="23:00"
                    >
                      23:00
                    </option>
                    <option
                      value="23:30"
                    >
                      23:30
                    </option>
                  </select>
                </div>
              </div>
              <div
                class="sc-bdnxRM sc-iqAclL hoHvTM eiybFf"
              >
                <input
                  aria-label="Enter Drop date"
                  id="drop-date"
                  name="drop-date"
                  type="date"
                  value="2021-06-01"
                />
                <div
                  class="sc-crzoAE bWDsv"
                >
                  <select
                    aria-label="Select Drop Time"
                    name="drop-time"
                  >
                    <option
                      value="00:00"
                    >
                      00:00
                    </option>
                    <option
                      value="00:30"
                    >
                      00:30
                    </option>
                    <option
                      value="01:00"
                    >
                      01:00
                    </option>
                    <option
                      value="01:30"
                    >
                      01:30
                    </option>
                    <option
                      value="02:00"
                    >
                      02:00
                    </option>
                    <option
                      value="02:30"
                    >
                      02:30
                    </option>
                    <option
                      value="03:00"
                    >
                      03:00
                    </option>
                    <option
                      value="03:30"
                    >
                      03:30
                    </option>
                    <option
                      value="04:00"
                    >
                      04:00
                    </option>
                    <option
                      value="04:30"
                    >
                      04:30
                    </option>
                    <option
                      value="05:00"
                    >
                      05:00
                    </option>
                    <option
                      value="05:30"
                    >
                      05:30
                    </option>
                    <option
                      value="06:00"
                    >
                      06:00
                    </option>
                    <option
                      value="06:30"
                    >
                      06:30
                    </option>
                    <option
                      value="07:00"
                    >
                      07:00
                    </option>
                    <option
                      value="07:30"
                    >
                      07:30
                    </option>
                    <option
                      value="08:00"
                    >
                      08:00
                    </option>
                    <option
                      value="08:30"
                    >
                      08:30
                    </option>
                    <option
                      value="09:00"
                    >
                      09:00
                    </option>
                    <option
                      value="09:30"
                    >
                      09:30
                    </option>
                    <option
                      value="10:00"
                    >
                      10:00
                    </option>
                    <option
                      value="10:30"
                    >
                      10:30
                    </option>
                    <option
                      value="11:00"
                    >
                      11:00
                    </option>
                    <option
                      value="11:30"
                    >
                      11:30
                    </option>
                    <option
                      value="12:00"
                    >
                      12:00
                    </option>
                    <option
                      value="12:30"
                    >
                      12:30
                    </option>
                    <option
                      value="13:00"
                    >
                      13:00
                    </option>
                    <option
                      value="13:30"
                    >
                      13:30
                    </option>
                    <option
                      value="14:00"
                    >
                      14:00
                    </option>
                    <option
                      value="14:30"
                    >
                      14:30
                    </option>
                    <option
                      value="15:00"
                    >
                      15:00
                    </option>
                    <option
                      selected=""
                      value="15:30"
                    >
                      15:30
                    </option>
                    <option
                      value="16:00"
                    >
                      16:00
                    </option>
                    <option
                      value="16:30"
                    >
                      16:30
                    </option>
                    <option
                      value="17:00"
                    >
                      17:00
                    </option>
                    <option
                      value="17:30"
                    >
                      17:30
                    </option>
                    <option
                      value="18:00"
                    >
                      18:00
                    </option>
                    <option
                      value="18:30"
                    >
                      18:30
                    </option>
                    <option
                      value="19:00"
                    >
                      19:00
                    </option>
                    <option
                      value="19:30"
                    >
                      19:30
                    </option>
                    <option
                      value="20:00"
                    >
                      20:00
                    </option>
                    <option
                      value="20:30"
                    >
                      20:30
                    </option>
                    <option
                      value="21:00"
                    >
                      21:00
                    </option>
                    <option
                      value="21:30"
                    >
                      21:30
                    </option>
                    <option
                      value="22:00"
                    >
                      22:00
                    </option>
                    <option
                      value="22:30"
                    >
                      22:30
                    </option>
                    <option
                      value="23:00"
                    >
                      23:00
                    </option>
                    <option
                      value="23:30"
                    >
                      23:30
                    </option>
                  </select>
                </div>
              </div>
            </div>
            <button
              type="button"
            >
              Search
            </button>
          </div>
        </div>
      </header>
    </div>
  </div>,
  "debug": [Function],
  "findAllByAltText": [Function],
  "findAllByDisplayValue": [Function],
  "findAllByLabelText": [Function],
  "findAllByPlaceholderText": [Function],
  "findAllByRole": [Function],
  "findAllByTestId": [Function],
  "findAllByText": [Function],
  "findAllByTitle": [Function],
  "findByAltText": [Function],
  "findByDisplayValue": [Function],
  "findByLabelText": [Function],
  "findByPlaceholderText": [Function],
  "findByRole": [Function],
  "findByTestId": [Function],
  "findByText": [Function],
  "findByTitle": [Function],
  "getAllByAltText": [Function],
  "getAllByDisplayValue": [Function],
  "getAllByLabelText": [Function],
  "getAllByPlaceholderText": [Function],
  "getAllByRole": [Function],
  "getAllByTestId": [Function],
  "getAllByText": [Function],
  "getAllByTitle": [Function],
  "getByAltText": [Function],
  "getByDisplayValue": [Function],
  "getByLabelText": [Function],
  "getByPlaceholderText": [Function],
  "getByRole": [Function],
  "getByTestId": [Function],
  "getByText": [Function],
  "getByTitle": [Function],
  "queryAllByAltText": [Function],
  "queryAllByDisplayValue": [Function],
  "queryAllByLabelText": [Function],
  "queryAllByPlaceholderText": [Function],
  "queryAllByRole": [Function],
  "queryAllByTestId": [Function],
  "queryAllByText": [Function],
  "queryAllByTitle": [Function],
  "queryByAltText": [Function],
  "queryByDisplayValue": [Function],
  "queryByLabelText": [Function],
  "queryByPlaceholderText": [Function],
  "queryByRole": [Function],
  "queryByTestId": [Function],
  "queryByText": [Function],
  "queryByTitle": [Function],
  "rerender": [Function],
  "unmount": [Function],
}
`;
